// Jest Snapshot v1, https://goo.gl/fbAQLP

exports[`CustomerStatusTable Component Component snapshot render correctly 1`] = `
Object {
  "asFragment": [Function],
  "baseElement": <body>
    <div>
      <table
        class="table"
      >
        <thead>
          <tr>
            <th>
              #
            </th>
            <th>
              Code
            </th>
            <th>
              Name
            </th>
            <th>
              Status
            </th>
          </tr>
        </thead>
        <tbody>
          <tr>
            <td
              data-testid="index"
            >
              1
            </td>
            <td
              data-testid="user-id"
            >
              939
            </td>
            <td
              data-testid="user-name"
            >
              Eslam Mostafa
            </td>
            <td
              data-testid="status"
            >
              Canceled
            </td>
          </tr>
          <tr>
            <td
              data-testid="index"
            >
              2
            </td>
            <td
              data-testid="user-id"
            >
              935
            </td>
            <td
              data-testid="user-name"
            >
              Hossam Hassan
            </td>
            <td
              data-testid="status"
            >
              Canceled
            </td>
          </tr>
          <tr>
            <td
              data-testid="index"
            >
              3
            </td>
            <td
              data-testid="user-id"
            >
              936
            </td>
            <td
              data-testid="user-name"
            >
              Hossam Hassan
            </td>
            <td
              data-testid="status"
            >
              Compeleted
            </td>
          </tr>
          <tr>
            <td
              data-testid="index"
            >
              4
            </td>
            <td
              data-testid="user-id"
            >
              937
            </td>
            <td
              data-testid="user-name"
            >
              Hossam Hassan
            </td>
            <td
              data-testid="status"
            >
              Compeleted
            </td>
          </tr>
        </tbody>
      </table>
    </div>
  </body>,
  "container": <div>
    <table
      class="table"
    >
      <thead>
        <tr>
          <th>
            #
          </th>
          <th>
            Code
          </th>
          <th>
            Name
          </th>
          <th>
            Status
          </th>
        </tr>
      </thead>
      <tbody>
        <tr>
          <td
            data-testid="index"
          >
            1
          </td>
          <td
            data-testid="user-id"
          >
            939
          </td>
          <td
            data-testid="user-name"
          >
            Eslam Mostafa
          </td>
          <td
            data-testid="status"
          >
            Canceled
          </td>
        </tr>
        <tr>
          <td
            data-testid="index"
          >
            2
          </td>
          <td
            data-testid="user-id"
          >
            935
          </td>
          <td
            data-testid="user-name"
          >
            Hossam Hassan
          </td>
          <td
            data-testid="status"
          >
            Canceled
          </td>
        </tr>
        <tr>
          <td
            data-testid="index"
          >
            3
          </td>
          <td
            data-testid="user-id"
          >
            936
          </td>
          <td
            data-testid="user-name"
          >
            Hossam Hassan
          </td>
          <td
            data-testid="status"
          >
            Compeleted
          </td>
        </tr>
        <tr>
          <td
            data-testid="index"
          >
            4
          </td>
          <td
            data-testid="user-id"
          >
            937
          </td>
          <td
            data-testid="user-name"
          >
            Hossam Hassan
          </td>
          <td
            data-testid="status"
          >
            Compeleted
          </td>
        </tr>
      </tbody>
    </table>
  </div>,
  "debug": [Function],
  "findAllByAltText": [Function],
  "findAllByDisplayValue": [Function],
  "findAllByLabelText": [Function],
  "findAllByPlaceholderText": [Function],
  "findAllByRole": [Function],
  "findAllByTestId": [Function],
  "findAllByText": [Function],
  "findAllByTitle": [Function],
  "findByAltText": [Function],
  "findByDisplayValue": [Function],
  "findByLabelText": [Function],
  "findByPlaceholderText": [Function],
  "findByRole": [Function],
  "findByTestId": [Function],
  "findByText": [Function],
  "findByTitle": [Function],
  "getAllByAltText": [Function],
  "getAllByDisplayValue": [Function],
  "getAllByLabelText": [Function],
  "getAllByPlaceholderText": [Function],
  "getAllByRole": [Function],
  "getAllByTestId": [Function],
  "getAllByText": [Function],
  "getAllByTitle": [Function],
  "getByAltText": [Function],
  "getByDisplayValue": [Function],
  "getByLabelText": [Function],
  "getByPlaceholderText": [Function],
  "getByRole": [Function],
  "getByTestId": [Function],
  "getByText": [Function],
  "getByTitle": [Function],
  "queryAllByAltText": [Function],
  "queryAllByDisplayValue": [Function],
  "queryAllByLabelText": [Function],
  "queryAllByPlaceholderText": [Function],
  "queryAllByRole": [Function],
  "queryAllByTestId": [Function],
  "queryAllByText": [Function],
  "queryAllByTitle": [Function],
  "queryByAltText": [Function],
  "queryByDisplayValue": [Function],
  "queryByLabelText": [Function],
  "queryByPlaceholderText": [Function],
  "queryByRole": [Function],
  "queryByTestId": [Function],
  "queryByText": [Function],
  "queryByTitle": [Function],
  "rerender": [Function],
  "unmount": [Function],
}
`;
